

================================================================
== Synthesis Summary Report of 'box_blur_filter'
================================================================
+ General Information: 
    * Date:           Tue Jul 15 02:57:38 2025
    * Version:        2021.1 (Build 3247384 on Thu Jun 10 19:36:07 MDT 2021)
    * Project:        box_blur_hls
    * Solution:       solution1 (Vivado IP Flow Target)
    * Product family: virtex7
    * Target device:  xc7vx485t-ffg1157-1
    

+ Performance & Resource Estimates: 
    
    PS: '+' for module; 'o' for loop; '*' for dataflow
    +-----------------------------------------------------------------------+------+------+---------+-----------+----------+---------+------+----------+------------+---------+-----------+------------+-----+
    |                                Modules                                | Issue|      | Latency |  Latency  | Iteration|         | Trip |          |            |         |           |            |     |
    |                                & Loops                                | Type | Slack| (cycles)|    (ns)   |  Latency | Interval| Count| Pipelined|    BRAM    |   DSP   |     FF    |     LUT    | URAM|
    +-----------------------------------------------------------------------+------+------+---------+-----------+----------+---------+------+----------+------------+---------+-----------+------------+-----+
    |+ box_blur_filter                                                      |     -|  0.12|  3695041|  2.956e+07|         -|  3695042|     -|        no|  1030 (50%)|  3 (~0%)|  806 (~0%)|  1828 (~0%)|    -|
    | + grp_box_blur_filter_Pipeline_VITIS_LOOP_27_2_VITIS_LOOP_28_3_fu_88  |     -|  1.24|     3842|  3.074e+04|         -|     3842|     -|        no|           -|        -|   51 (~0%)|   165 (~0%)|    -|
    |  o VITIS_LOOP_27_2_VITIS_LOOP_28_3                                    |     -|  7.04|     3840|  3.072e+04|         2|        1|  3840|       yes|           -|        -|          -|           -|    -|
    | + grp_box_blur_filter_Pipeline_VITIS_LOOP_33_4_fu_95                  |     -|  1.71|     1922|  1.538e+04|         -|     1922|     -|        no|           -|        -|   25 (~0%)|    94 (~0%)|    -|
    |  o VITIS_LOOP_33_4                                                    |     -|  7.04|     1920|  1.536e+04|         2|        1|  1920|       yes|           -|        -|          -|           -|    -|
    | + grp_box_blur_filter_Pipeline_VITIS_LOOP_38_5_fu_103                 |     -|  0.12|     1928|  1.542e+04|         -|     1928|     -|        no|           -|  3 (~0%)|  479 (~0%)|  1055 (~0%)|    -|
    |  o VITIS_LOOP_38_5                                                    |    II|  7.04|     1926|  1.541e+04|        10|        3|   640|       yes|           -|        -|          -|           -|    -|
    | o VITIS_LOOP_23_1                                                     |     -|  7.04|  3695040|  2.956e+07|      7698|        -|   480|        no|           -|        -|          -|           -|    -|
    +-----------------------------------------------------------------------+------+------+---------+-----------+----------+---------+------+----------+------------+---------+-----------+------------+-----+


================================================================
== HW Interfaces
================================================================
* S_AXILITE
+---------------+------------+---------------+---------+----------+
| Interface     | Data Width | Address Width | Offset  | Register |
+---------------+------------+---------------+---------+----------+
| s_axi_control | 32         | 22            | 1048576 | 0        |
+---------------+------------+---------------+---------+----------+

* TOP LEVEL CONTROL
+-----------+------------+-----------+
| Interface | Type       | Ports     |
+-----------+------------+-----------+
| ap_clk    | clock      | ap_clk    |
| ap_rst_n  | reset      | ap_rst_n  |
| interrupt | interrupt  | interrupt |
| ap_ctrl   | ap_ctrl_hs |           |
+-----------+------------+-----------+


================================================================
== SW I/O Information
================================================================
* Top Function Arguments
+---------------+-----------+----------------+
| Argument      | Direction | Datatype       |
+---------------+-----------+----------------+
| input_pixels  | in        | unsigned char* |
| output_pixels | out       | unsigned char* |
+---------------+-----------+----------------+

* SW-to-HW Mapping
+---------------+-----------------------------+---------+-------------------------------+
| Argument      | HW Name                     | HW Type | HW Info                       |
+---------------+-----------------------------+---------+-------------------------------+
| input_pixels  | s_axi_control input_pixels  | memory  | offset=1048576, range=1048576 |
| output_pixels | s_axi_control output_pixels | memory  | offset=2097152, range=1048576 |
+---------------+-----------------------------+---------+-------------------------------+


================================================================
== M_AXI Burst Information
================================================================

